// Vitest Snapshot v1

exports[`normal 1`] = `
"import PngA from 'a.png'
"
`;
